// Jest Snapshot v1, https://goo.gl/fbAQLP

exports[`App should render App 1`] = `
<View
  style={
    Object {
      "alignItems": "center",
      "backgroundColor": "#D8E4F0",
      "flex": 1,
      "flexDirection": "column",
      "justifyContent": "flex-start",
    }
  }
>
  <View
    style={
      Object {
        "flex": 1,
        "flexDirection": "row",
        "justifyContent": "flex-start",
      }
    }
  >
    <Text
      style={
        Object {
          "backgroundColor": "#3F51B5",
          "color": "#FFFFFF",
          "fontSize": 30,
          "height": 80,
          "padding": "5%",
          "width": "100%",
        }
      }
    >
      Awesome Forms
    </Text>
  </View>
  <RCTScrollView
    style={
      Object {
        "marginTop": 100,
      }
    }
  >
    <View>
      <View
        style={
          Object {
            "flex": 1,
            "flexDirection": "column",
            "justifyContent": "center",
            "margin": 20,
          }
        }
      >
        <View
          style={
            Object {
              "backgroundColor": "#FFFFFF",
              "flexGrow": 1,
              "height": 100,
              "justifyContent": "flex-start",
              "padding": "5%",
              "width": 300,
            }
          }
        >
          <Text
            style={
              Object {
                "color": "#000000",
                "fontSize": 22,
              }
            }
          >
            Code Academy Feedback 2019
          </Text>
        </View>
        <View
          style={
            Object {
              "borderBottomColor": "#000000",
              "borderBottomWidth": 1,
              "flexGrow": 1,
            }
          }
        />
        <View
          style={
            Object {
              "backgroundColor": "#FFFFFF",
              "flexGrow": 1,
              "height": 50,
              "width": 300,
            }
          }
        >
          <Text
            style={
              Object {
                "color": "#000000",
                "fontSize": 18,
                "padding": "3%",
              }
            }
          >
            Created On: 26/02/2019
          </Text>
        </View>
      </View>
      <View
        style={
          Object {
            "flex": 1,
            "flexDirection": "column",
            "justifyContent": "center",
            "margin": 20,
          }
        }
      >
        <View
          style={
            Object {
              "backgroundColor": "#FFFFFF",
              "flexGrow": 1,
              "height": 100,
              "justifyContent": "flex-start",
              "padding": "5%",
              "width": 300,
            }
          }
        >
          <Text
            style={
              Object {
                "color": "#000000",
                "fontSize": 22,
              }
            }
          >
            Code Academy Feedback 2019
          </Text>
        </View>
        <View
          style={
            Object {
              "borderBottomColor": "#000000",
              "borderBottomWidth": 1,
              "flexGrow": 1,
            }
          }
        />
        <View
          style={
            Object {
              "backgroundColor": "#FFFFFF",
              "flexGrow": 1,
              "height": 50,
              "width": 300,
            }
          }
        >
          <Text
            style={
              Object {
                "color": "#000000",
                "fontSize": 18,
                "padding": "3%",
              }
            }
          >
            Created On: 26/02/2019
          </Text>
        </View>
      </View>
      <View
        style={
          Object {
            "flex": 1,
            "flexDirection": "column",
            "justifyContent": "center",
            "margin": 20,
          }
        }
      >
        <View
          style={
            Object {
              "backgroundColor": "#FFFFFF",
              "flexGrow": 1,
              "height": 100,
              "justifyContent": "flex-start",
              "padding": "5%",
              "width": 300,
            }
          }
        >
          <Text
            style={
              Object {
                "color": "#000000",
                "fontSize": 22,
              }
            }
          >
            Code Academy Feedback 2019
          </Text>
        </View>
        <View
          style={
            Object {
              "borderBottomColor": "#000000",
              "borderBottomWidth": 1,
              "flexGrow": 1,
            }
          }
        />
        <View
          style={
            Object {
              "backgroundColor": "#FFFFFF",
              "flexGrow": 1,
              "height": 50,
              "width": 300,
            }
          }
        >
          <Text
            style={
              Object {
                "color": "#000000",
                "fontSize": 18,
                "padding": "3%",
              }
            }
          >
            Created On: 26/02/2019
          </Text>
        </View>
      </View>
      <View
        style={
          Object {
            "flex": 1,
            "flexDirection": "column",
            "justifyContent": "center",
            "margin": 20,
          }
        }
      >
        <View
          style={
            Object {
              "backgroundColor": "#FFFFFF",
              "flexGrow": 1,
              "height": 100,
              "justifyContent": "flex-start",
              "padding": "5%",
              "width": 300,
            }
          }
        >
          <Text
            style={
              Object {
                "color": "#000000",
                "fontSize": 22,
              }
            }
          >
            Code Academy Feedback 2019
          </Text>
        </View>
        <View
          style={
            Object {
              "borderBottomColor": "#000000",
              "borderBottomWidth": 1,
              "flexGrow": 1,
            }
          }
        />
        <View
          style={
            Object {
              "backgroundColor": "#FFFFFF",
              "flexGrow": 1,
              "height": 50,
              "width": 300,
            }
          }
        >
          <Text
            style={
              Object {
                "color": "#000000",
                "fontSize": 18,
                "padding": "3%",
              }
            }
          >
            Created On: 26/02/2019
          </Text>
        </View>
      </View>
      <View
        style={
          Object {
            "flex": 1,
            "flexDirection": "column",
            "justifyContent": "center",
            "margin": 20,
          }
        }
      >
        <View
          style={
            Object {
              "backgroundColor": "#FFFFFF",
              "flexGrow": 1,
              "height": 100,
              "justifyContent": "flex-start",
              "padding": "5%",
              "width": 300,
            }
          }
        >
          <Text
            style={
              Object {
                "color": "#000000",
                "fontSize": 22,
              }
            }
          >
            Code Academy Feedback 2019
          </Text>
        </View>
        <View
          style={
            Object {
              "borderBottomColor": "#000000",
              "borderBottomWidth": 1,
              "flexGrow": 1,
            }
          }
        />
        <View
          style={
            Object {
              "backgroundColor": "#FFFFFF",
              "flexGrow": 1,
              "height": 50,
              "width": 300,
            }
          }
        >
          <Text
            style={
              Object {
                "color": "#000000",
                "fontSize": 18,
                "padding": "3%",
              }
            }
          >
            Created On: 26/02/2019
          </Text>
        </View>
      </View>
    </View>
  </RCTScrollView>
  <View
    accessible={true}
    isTVSelectable={true}
    onResponderGrant={[Function]}
    onResponderMove={[Function]}
    onResponderRelease={[Function]}
    onResponderTerminate={[Function]}
    onResponderTerminationRequest={[Function]}
    onStartShouldSetResponder={[Function]}
    style={
      Object {
        "alignItems": "center",
        "alignSelf": "flex-end",
        "backgroundColor": "#3F51B5",
        "borderColor": "#ffffff",
        "borderRadius": 100,
        "bottom": 40,
        "height": 80,
        "opacity": 1,
        "position": "absolute",
        "right": 20,
        "width": 80,
      }
    }
  >
    <Text
      style={
        Object {
          "color": "#FFFFFF",
          "fontSize": 55,
        }
      }
    >
      +
    </Text>
  </View>
</View>
`;
